// Jest Snapshot v1, https://goo.gl/fbAQLP

exports[`GrabitCreator Tests Matches the snapshot 1`] = `
<button
  className="btn btn-primary"
  disabled={false}
  onClick={[Function]}
  type="button"
>
  New Project
</button>
`;
